// Jest Snapshot v1, https://goo.gl/fbAQLP

exports[`Editor Toolbar SizeDropdown renders all of the sizes as dropdown options 1`] = `
<div
  className="dropdown"
  onKeyDown={[Function]}
>
  <button
    aria-expanded={false}
    aria-haspopup={true}
    aria-label={null}
    className="dropdown-toggle-select btn btn-outline-dropdown-toggle-select btn-block"
    onClick={[Function]}
    style={
      Object {
        "textAlign": "left",
      }
    }
    type="button"
  >
    9
  </button>
  <div
    aria-hidden={true}
    className="dropdown-menu"
    role="menu"
    tabIndex="-1"
  >
    <button
      className="dropdown-item"
      onClick={[Function]}
      role="menuitem"
      tabIndex="0"
      type="button"
    >
      8
    </button>
    <button
      className="dropdown-item active"
      onClick={[Function]}
      role="menuitem"
      tabIndex="0"
      type="button"
    >
      9
    </button>
    <button
      className="dropdown-item"
      onClick={[Function]}
      role="menuitem"
      tabIndex="0"
      type="button"
    >
      10
    </button>
    <button
      className="dropdown-item"
      onClick={[Function]}
      role="menuitem"
      tabIndex="0"
      type="button"
    >
      11
    </button>
    <button
      className="dropdown-item"
      onClick={[Function]}
      role="menuitem"
      tabIndex="0"
      type="button"
    >
      12
    </button>
  </div>
</div>
`;
